// Jest Snapshot v1, https://goo.gl/fbAQLP

exports[`<Card /> should render Card component as expected 1`] = `
<div>
  <div
    class="sc-bdfBwQ fDSlMa"
  />
</div>
`;
