// Jest Snapshot v1, https://goo.gl/fbAQLP

exports[`<Loader /> should render Loader component as expected 1`] = `
<div>
  <div
    class="sc-bdfBwQ gSHISJ"
  />
</div>
`;
