// Jest Snapshot v1, https://goo.gl/fbAQLP

exports[`<Page /> should render Page component 1`] = `
<div>
  <div
    class="sc-bdfBwQ gSHISJ"
  />
</div>
`;
