// Jest Snapshot v1, https://goo.gl/fbAQLP

exports[`<Route /> should render Route component properly 1`] = `
<div>
  <div>
    Route
  </div>
</div>
`;
