// Jest Snapshot v1, https://goo.gl/fbAQLP

exports[`User context should render UserProvider component as expected 1`] = `<div />`;
